exports[`Grid Should add modificators 1`] = `
<div
  className="container_1eq8h06" />
`;
